# Check if the OpenAPI Generator CLI jar file exists, and download it if it doesn't
if [ ! -f ./openapi-generator-cli.jar ]; then \
	    echo "OpenAPI Generator CLI not found. Downloading..."; \
	    curl -L -o ./openapi-generator-cli.jar https://repo1.maven.org/maven2/org/openapitools/openapi-generator-cli/7.20.0/openapi-generator-cli-7.20.0.jar; \
	else \
	    echo "OpenAPI Generator CLI already exists."; \
	fi
OpenAPI Generator CLI already exists.
mvn clean package
[INFO] Scanning for projects...
[INFO] 
[INFO] --------------< dev.femrek:openapi-dart-network-codegen >---------------
[INFO] Building openapi-dart-network-codegen 0.1.14
[INFO]   from pom.xml
[INFO] --------------------------------[ jar ]---------------------------------
[INFO] 
[INFO] --- clean:3.2.0:clean (default-clean) @ openapi-dart-network-codegen ---
[INFO] Deleting /Users/femrek/projects/java/dart-network-openapi-codegen/target
[INFO] 
[INFO] --- resources:3.4.0:resources (default-resources) @ openapi-dart-network-codegen ---
[INFO] Copying 69 resources from src/main/resources to target/classes
[INFO] 
[INFO] --- compiler:3.15.0:compile (default-compile) @ openapi-dart-network-codegen ---
[INFO] Recompiling the module because of changed source code.
[INFO] Compiling 1 source file with javac [debug target 11] to target/classes
[WARNING] location of system modules is not set in conjunction with -source 11
  not setting the location of system modules may lead to class files that cannot run on JDK 11
    --release 11 is recommended instead of -source 11 -target 11 because it sets the location of system modules automatically
[INFO] 
[INFO] --- resources:3.4.0:testResources (default-testResources) @ openapi-dart-network-codegen ---
[INFO] skip non existing resourceDirectory /Users/femrek/projects/java/dart-network-openapi-codegen/src/test/resources
[INFO] 
[INFO] --- compiler:3.15.0:testCompile (default-testCompile) @ openapi-dart-network-codegen ---
[INFO] Recompiling the module because of changed dependency.
[INFO] Compiling 1 source file with javac [debug target 11] to target/test-classes
[WARNING] location of system modules is not set in conjunction with -source 11
  not setting the location of system modules may lead to class files that cannot run on JDK 11
    --release 11 is recommended instead of -source 11 -target 11 because it sets the location of system modules automatically
[INFO] 
[INFO] --- surefire:3.5.4:test (default-test) @ openapi-dart-network-codegen ---
[INFO] 
[INFO] --- jar:3.5.0:jar (default-jar) @ openapi-dart-network-codegen ---
[INFO] Building jar: /Users/femrek/projects/java/dart-network-openapi-codegen/target/openapi-dart-network-codegen-0.1.14.jar
[INFO] ------------------------------------------------------------------------
[INFO] BUILD SUCCESS
[INFO] ------------------------------------------------------------------------
[INFO] Total time:  1.541 s
[INFO] Finished at: 2026-05-14T00:52:44+03:00
[INFO] ------------------------------------------------------------------------
rm -rf ./generated-output/user-api-spec/dart-network-client
java -cp ./openapi-generator-cli.jar:./target/openapi-dart-network-codegen-0.1.14.jar org.openapitools.codegen.OpenAPIGenerator generate \
	   -i ./spec_samples/user-api-spec.json \
	   -g dart-network \
	   -c ./example-generator-config.yaml \
	   -o ./generated-output/user-api-spec/dart-network-client
WARNING: A terminally deprecated method in sun.misc.Unsafe has been called
WARNING: sun.misc.Unsafe::objectFieldOffset has been called by com.github.benmanes.caffeine.cache.UnsafeAccess (file:/Users/femrek/projects/java/dart-network-openapi-codegen/openapi-generator-cli.jar)
WARNING: Please consider reporting this to the maintainers of class com.github.benmanes.caffeine.cache.UnsafeAccess
WARNING: sun.misc.Unsafe::objectFieldOffset will be removed in a future release
[main] WARN  o.o.codegen.DefaultCodegen - OpenAPI 3.1 support is still in beta. To report an issue related to 3.1 spec, please kindly open an issue in the Github repo: https://github.com/openAPITools/openapi-generator.
[main] INFO  o.o.codegen.DefaultGenerator - Generating with dryRun=false
[main] INFO  o.o.c.ignore.CodegenIgnoreProcessor - Output directory (/Users/femrek/projects/java/dart-network-openapi-codegen/./generated-output/user-api-spec/dart-network-client) does not exist, or is inaccessible. No file (.openapi-generator-ignore) will be evaluated.
[main] INFO  o.o.codegen.DefaultGenerator - OpenAPI Generator: dart-network (client)
[main] INFO  o.o.codegen.DefaultGenerator - Generator 'dart-network' is considered stable.
[main] INFO  o.o.c.languages.AbstractDartCodegen - Environment variable DART_POST_PROCESS_FILE not defined so the Dart code may not be properly formatted. To define it, try `export DART_POST_PROCESS_FILE="/usr/local/bin/dartfmt -w"` (Linux/Mac)
[main] INFO  o.o.c.languages.AbstractDartCodegen - NOTE: To enable file post-processing, 'enablePostProcessFile' must be set to `true` (--enable-post-process-file for CLI).
[main] WARN  o.o.codegen.DefaultCodegen - OpenAPI 3.1 support is still in beta. To report an issue related to 3.1 spec, please kindly open an issue in the Github repo: https://github.com/openAPITools/openapi-generator.
Property: success, dataType: bool, datatypeWithEnum: bool, isMap: false, isArray: false
Property: statusCode, dataType: int, datatypeWithEnum: int, isMap: false, isArray: false
Property: message, dataType: String, datatypeWithEnum: String, isMap: false, isArray: false
Property: data, dataType: Map<String, List<String>>, datatypeWithEnum: Map<String, ApiResponseMapPermissionActionListPermissionTargetTypeDataEnum>, isMap: true, isArray: false
   param.items dataType: List<String>, isArray: true, datatypeWithEnum: ApiResponseMapPermissionActionListPermissionTargetTypeDataEnum, isMap: false
      param.items.items dataType: String, isEnum: true, datatypeWithEnum: InnerEnum
Property: meta, dataType: Meta, datatypeWithEnum: Meta, isMap: false, isArray: false
Property: parameters, dataType: List<Parameter>, datatypeWithEnum: List<Parameter>, isMap: false, isArray: true
   param.items dataType: Parameter, isArray: false, datatypeWithEnum: Parameter, isMap: false
[main] INFO  o.o.codegen.TemplateManager - writing file /Users/femrek/projects/java/dart-network-openapi-codegen/./generated-output/user-api-spec/dart-network-client/lib/model/api_response_list_long.dart
[main] INFO  o.o.codegen.TemplateManager - writing file /Users/femrek/projects/java/dart-network-openapi-codegen/./generated-output/user-api-spec/dart-network-client/test/api_response_list_long_test.dart
[main] INFO  o.o.codegen.TemplateManager - writing file /Users/femrek/projects/java/dart-network-openapi-codegen/./generated-output/user-api-spec/dart-network-client/doc/ApiResponseListLong.md
[main] INFO  o.o.codegen.TemplateManager - writing file /Users/femrek/projects/java/dart-network-openapi-codegen/./generated-output/user-api-spec/dart-network-client/lib/model/api_response_list_permission_response.dart
[main] INFO  o.o.codegen.TemplateManager - writing file /Users/femrek/projects/java/dart-network-openapi-codegen/./generated-output/user-api-spec/dart-network-client/test/api_response_list_permission_response_test.dart
[main] INFO  o.o.codegen.TemplateManager - writing file /Users/femrek/projects/java/dart-network-openapi-codegen/./generated-output/user-api-spec/dart-network-client/doc/ApiResponseListPermissionResponse.md
[main] INFO  o.o.codegen.TemplateManager - writing file /Users/femrek/projects/java/dart-network-openapi-codegen/./generated-output/user-api-spec/dart-network-client/lib/model/api_response_list_uuid.dart
[main] INFO  o.o.codegen.TemplateManager - writing file /Users/femrek/projects/java/dart-network-openapi-codegen/./generated-output/user-api-spec/dart-network-client/test/api_response_list_uuid_test.dart
[main] INFO  o.o.codegen.TemplateManager - writing file /Users/femrek/projects/java/dart-network-openapi-codegen/./generated-output/user-api-spec/dart-network-client/doc/ApiResponseListUUID.md
[main] INFO  o.o.codegen.TemplateManager - writing file /Users/femrek/projects/java/dart-network-openapi-codegen/./generated-output/user-api-spec/dart-network-client/lib/model/api_response_list_user_response_dto.dart
[main] INFO  o.o.codegen.TemplateManager - writing file /Users/femrek/projects/java/dart-network-openapi-codegen/./generated-output/user-api-spec/dart-network-client/test/api_response_list_user_response_dto_test.dart
[main] INFO  o.o.codegen.TemplateManager - writing file /Users/femrek/projects/java/dart-network-openapi-codegen/./generated-output/user-api-spec/dart-network-client/doc/ApiResponseListUserResponseDTO.md
[main] INFO  o.o.codegen.TemplateManager - writing file /Users/femrek/projects/java/dart-network-openapi-codegen/./generated-output/user-api-spec/dart-network-client/lib/model/api_response_map_permission_action_list_permission_target_type.dart
[main] INFO  o.o.codegen.TemplateManager - writing file /Users/femrek/projects/java/dart-network-openapi-codegen/./generated-output/user-api-spec/dart-network-client/test/api_response_map_permission_action_list_permission_target_type_test.dart
[main] INFO  o.o.codegen.TemplateManager - writing file /Users/femrek/projects/java/dart-network-openapi-codegen/./generated-output/user-api-spec/dart-network-client/doc/ApiResponseMapPermissionActionListPermissionTargetType.md
[main] INFO  o.o.codegen.TemplateManager - writing file /Users/femrek/projects/java/dart-network-openapi-codegen/./generated-output/user-api-spec/dart-network-client/lib/model/api_response_permission_response.dart
[main] INFO  o.o.codegen.TemplateManager - writing file /Users/femrek/projects/java/dart-network-openapi-codegen/./generated-output/user-api-spec/dart-network-client/test/api_response_permission_response_test.dart
[main] INFO  o.o.codegen.TemplateManager - writing file /Users/femrek/projects/java/dart-network-openapi-codegen/./generated-output/user-api-spec/dart-network-client/doc/ApiResponsePermissionResponse.md
[main] INFO  o.o.codegen.TemplateManager - writing file /Users/femrek/projects/java/dart-network-openapi-codegen/./generated-output/user-api-spec/dart-network-client/lib/model/api_response_user_response_dto.dart
[main] INFO  o.o.codegen.TemplateManager - writing file /Users/femrek/projects/java/dart-network-openapi-codegen/./generated-output/user-api-spec/dart-network-client/test/api_response_user_response_dto_test.dart
[main] INFO  o.o.codegen.TemplateManager - writing file /Users/femrek/projects/java/dart-network-openapi-codegen/./generated-output/user-api-spec/dart-network-client/doc/ApiResponseUserResponseDTO.md
[main] INFO  o.o.codegen.TemplateManager - writing file /Users/femrek/projects/java/dart-network-openapi-codegen/./generated-output/user-api-spec/dart-network-client/lib/model/api_response_username_check_response_dto.dart
[main] INFO  o.o.codegen.TemplateManager - writing file /Users/femrek/projects/java/dart-network-openapi-codegen/./generated-output/user-api-spec/dart-network-client/test/api_response_username_check_response_dto_test.dart
[main] INFO  o.o.codegen.TemplateManager - writing file /Users/femrek/projects/java/dart-network-openapi-codegen/./generated-output/user-api-spec/dart-network-client/doc/ApiResponseUsernameCheckResponseDTO.md
[main] INFO  o.o.codegen.TemplateManager - writing file /Users/femrek/projects/java/dart-network-openapi-codegen/./generated-output/user-api-spec/dart-network-client/lib/model/api_response_void.dart
[main] INFO  o.o.codegen.TemplateManager - writing file /Users/femrek/projects/java/dart-network-openapi-codegen/./generated-output/user-api-spec/dart-network-client/test/api_response_void_test.dart
[main] INFO  o.o.codegen.TemplateManager - writing file /Users/femrek/projects/java/dart-network-openapi-codegen/./generated-output/user-api-spec/dart-network-client/doc/ApiResponseVoid.md
[main] INFO  o.o.codegen.TemplateManager - writing file /Users/femrek/projects/java/dart-network-openapi-codegen/./generated-output/user-api-spec/dart-network-client/lib/model/meta.dart
[main] INFO  o.o.codegen.TemplateManager - writing file /Users/femrek/projects/java/dart-network-openapi-codegen/./generated-output/user-api-spec/dart-network-client/test/meta_test.dart
[main] INFO  o.o.codegen.TemplateManager - writing file /Users/femrek/projects/java/dart-network-openapi-codegen/./generated-output/user-api-spec/dart-network-client/doc/Meta.md
[main] INFO  o.o.codegen.TemplateManager - writing file /Users/femrek/projects/java/dart-network-openapi-codegen/./generated-output/user-api-spec/dart-network-client/lib/model/parameter.dart
[main] INFO  o.o.codegen.TemplateManager - writing file /Users/femrek/projects/java/dart-network-openapi-codegen/./generated-output/user-api-spec/dart-network-client/test/parameter_test.dart
[main] INFO  o.o.codegen.TemplateManager - writing file /Users/femrek/projects/java/dart-network-openapi-codegen/./generated-output/user-api-spec/dart-network-client/doc/Parameter.md
[main] INFO  o.o.codegen.TemplateManager - writing file /Users/femrek/projects/java/dart-network-openapi-codegen/./generated-output/user-api-spec/dart-network-client/lib/model/permission_create_request_dto.dart
[main] INFO  o.o.codegen.TemplateManager - writing file /Users/femrek/projects/java/dart-network-openapi-codegen/./generated-output/user-api-spec/dart-network-client/test/permission_create_request_dto_test.dart
[main] INFO  o.o.codegen.TemplateManager - writing file /Users/femrek/projects/java/dart-network-openapi-codegen/./generated-output/user-api-spec/dart-network-client/doc/PermissionCreateRequestDTO.md
[main] INFO  o.o.codegen.TemplateManager - writing file /Users/femrek/projects/java/dart-network-openapi-codegen/./generated-output/user-api-spec/dart-network-client/lib/model/permission_response.dart
[main] INFO  o.o.codegen.TemplateManager - writing file /Users/femrek/projects/java/dart-network-openapi-codegen/./generated-output/user-api-spec/dart-network-client/test/permission_response_test.dart
[main] INFO  o.o.codegen.TemplateManager - writing file /Users/femrek/projects/java/dart-network-openapi-codegen/./generated-output/user-api-spec/dart-network-client/doc/PermissionResponse.md
[main] INFO  o.o.codegen.TemplateManager - writing file /Users/femrek/projects/java/dart-network-openapi-codegen/./generated-output/user-api-spec/dart-network-client/lib/model/permission_update_request.dart
[main] INFO  o.o.codegen.TemplateManager - writing file /Users/femrek/projects/java/dart-network-openapi-codegen/./generated-output/user-api-spec/dart-network-client/test/permission_update_request_test.dart
[main] INFO  o.o.codegen.TemplateManager - writing file /Users/femrek/projects/java/dart-network-openapi-codegen/./generated-output/user-api-spec/dart-network-client/doc/PermissionUpdateRequest.md
[main] INFO  o.o.codegen.TemplateManager - writing file /Users/femrek/projects/java/dart-network-openapi-codegen/./generated-output/user-api-spec/dart-network-client/lib/model/user_response_dto.dart
[main] INFO  o.o.codegen.TemplateManager - writing file /Users/femrek/projects/java/dart-network-openapi-codegen/./generated-output/user-api-spec/dart-network-client/test/user_response_dto_test.dart
[main] INFO  o.o.codegen.TemplateManager - writing file /Users/femrek/projects/java/dart-network-openapi-codegen/./generated-output/user-api-spec/dart-network-client/doc/UserResponseDTO.md
[main] INFO  o.o.codegen.TemplateManager - writing file /Users/femrek/projects/java/dart-network-openapi-codegen/./generated-output/user-api-spec/dart-network-client/lib/model/username_check_response_dto.dart
[main] INFO  o.o.codegen.TemplateManager - writing file /Users/femrek/projects/java/dart-network-openapi-codegen/./generated-output/user-api-spec/dart-network-client/test/username_check_response_dto_test.dart
[main] INFO  o.o.codegen.TemplateManager - writing file /Users/femrek/projects/java/dart-network-openapi-codegen/./generated-output/user-api-spec/dart-network-client/doc/UsernameCheckResponseDTO.md
[main] WARN  o.o.codegen.utils.ExamplesUtils - No application/json content media type found in response. Response examples can currently only be generated for application/json media type.
[main] INFO  o.o.codegen.TemplateManager - writing file /Users/femrek/projects/java/dart-network-openapi-codegen/./generated-output/user-api-spec/dart-network-client/lib/requests/permissions/create_permission_command.dart
[main] INFO  o.o.codegen.TemplateManager - writing file /Users/femrek/projects/java/dart-network-openapi-codegen/./generated-output/user-api-spec/dart-network-client/test/permissions/create_permission_command_test.dart
[main] INFO  o.o.codegen.TemplateManager - writing file /Users/femrek/projects/java/dart-network-openapi-codegen/./generated-output/user-api-spec/dart-network-client/doc/PermissionsCreatePermissionApi.md
[main] INFO  o.o.codegen.TemplateManager - writing file /Users/femrek/projects/java/dart-network-openapi-codegen/./generated-output/user-api-spec/dart-network-client/lib/requests/permissions/delete_many_permissions_command.dart
[main] INFO  o.o.codegen.TemplateManager - writing file /Users/femrek/projects/java/dart-network-openapi-codegen/./generated-output/user-api-spec/dart-network-client/test/permissions/delete_many_permissions_command_test.dart
[main] INFO  o.o.codegen.TemplateManager - writing file /Users/femrek/projects/java/dart-network-openapi-codegen/./generated-output/user-api-spec/dart-network-client/doc/PermissionsDeleteManyPermissionsApi.md
[main] INFO  o.o.codegen.TemplateManager - writing file /Users/femrek/projects/java/dart-network-openapi-codegen/./generated-output/user-api-spec/dart-network-client/lib/requests/permissions/delete_permission_command.dart
[main] INFO  o.o.codegen.TemplateManager - writing file /Users/femrek/projects/java/dart-network-openapi-codegen/./generated-output/user-api-spec/dart-network-client/test/permissions/delete_permission_command_test.dart
[main] INFO  o.o.codegen.TemplateManager - writing file /Users/femrek/projects/java/dart-network-openapi-codegen/./generated-output/user-api-spec/dart-network-client/doc/PermissionsDeletePermissionApi.md
[main] INFO  o.o.codegen.TemplateManager - writing file /Users/femrek/projects/java/dart-network-openapi-codegen/./generated-output/user-api-spec/dart-network-client/lib/requests/permissions/get_all_permissions_command.dart
[main] INFO  o.o.codegen.TemplateManager - writing file /Users/femrek/projects/java/dart-network-openapi-codegen/./generated-output/user-api-spec/dart-network-client/test/permissions/get_all_permissions_command_test.dart
[main] INFO  o.o.codegen.TemplateManager - writing file /Users/femrek/projects/java/dart-network-openapi-codegen/./generated-output/user-api-spec/dart-network-client/doc/PermissionsGetAllPermissionsApi.md
[main] INFO  o.o.codegen.TemplateManager - writing file /Users/femrek/projects/java/dart-network-openapi-codegen/./generated-output/user-api-spec/dart-network-client/lib/requests/permissions/get_list_permissions_command.dart
[main] INFO  o.o.codegen.TemplateManager - writing file /Users/femrek/projects/java/dart-network-openapi-codegen/./generated-output/user-api-spec/dart-network-client/test/permissions/get_list_permissions_command_test.dart
[main] INFO  o.o.codegen.TemplateManager - writing file /Users/femrek/projects/java/dart-network-openapi-codegen/./generated-output/user-api-spec/dart-network-client/doc/PermissionsGetListPermissionsApi.md
[main] INFO  o.o.codegen.TemplateManager - writing file /Users/femrek/projects/java/dart-network-openapi-codegen/./generated-output/user-api-spec/dart-network-client/lib/requests/permissions/get_many_permissions_command.dart
[main] INFO  o.o.codegen.TemplateManager - writing file /Users/femrek/projects/java/dart-network-openapi-codegen/./generated-output/user-api-spec/dart-network-client/test/permissions/get_many_permissions_command_test.dart
[main] INFO  o.o.codegen.TemplateManager - writing file /Users/femrek/projects/java/dart-network-openapi-codegen/./generated-output/user-api-spec/dart-network-client/doc/PermissionsGetManyPermissionsApi.md
[main] INFO  o.o.codegen.TemplateManager - writing file /Users/femrek/projects/java/dart-network-openapi-codegen/./generated-output/user-api-spec/dart-network-client/lib/requests/permissions/get_one_permission_command.dart
[main] INFO  o.o.codegen.TemplateManager - writing file /Users/femrek/projects/java/dart-network-openapi-codegen/./generated-output/user-api-spec/dart-network-client/test/permissions/get_one_permission_command_test.dart
[main] INFO  o.o.codegen.TemplateManager - writing file /Users/femrek/projects/java/dart-network-openapi-codegen/./generated-output/user-api-spec/dart-network-client/doc/PermissionsGetOnePermissionApi.md
[main] INFO  o.o.codegen.TemplateManager - writing file /Users/femrek/projects/java/dart-network-openapi-codegen/./generated-output/user-api-spec/dart-network-client/lib/requests/permissions/patch_many_permissions_command.dart
[main] INFO  o.o.codegen.TemplateManager - writing file /Users/femrek/projects/java/dart-network-openapi-codegen/./generated-output/user-api-spec/dart-network-client/test/permissions/patch_many_permissions_command_test.dart
[main] INFO  o.o.codegen.TemplateManager - writing file /Users/femrek/projects/java/dart-network-openapi-codegen/./generated-output/user-api-spec/dart-network-client/doc/PermissionsPatchManyPermissionsApi.md
[main] INFO  o.o.codegen.TemplateManager - writing file /Users/femrek/projects/java/dart-network-openapi-codegen/./generated-output/user-api-spec/dart-network-client/lib/requests/permissions/patch_permission_command.dart
[main] INFO  o.o.codegen.TemplateManager - writing file /Users/femrek/projects/java/dart-network-openapi-codegen/./generated-output/user-api-spec/dart-network-client/test/permissions/patch_permission_command_test.dart
[main] INFO  o.o.codegen.TemplateManager - writing file /Users/femrek/projects/java/dart-network-openapi-codegen/./generated-output/user-api-spec/dart-network-client/doc/PermissionsPatchPermissionApi.md
[main] INFO  o.o.codegen.TemplateManager - writing file /Users/femrek/projects/java/dart-network-openapi-codegen/./generated-output/user-api-spec/dart-network-client/lib/requests/permissions/update_permission_command.dart
[main] INFO  o.o.codegen.TemplateManager - writing file /Users/femrek/projects/java/dart-network-openapi-codegen/./generated-output/user-api-spec/dart-network-client/test/permissions/update_permission_command_test.dart
[main] INFO  o.o.codegen.TemplateManager - writing file /Users/femrek/projects/java/dart-network-openapi-codegen/./generated-output/user-api-spec/dart-network-client/doc/PermissionsUpdatePermissionApi.md
[main] INFO  o.o.codegen.TemplateManager - writing file /Users/femrek/projects/java/dart-network-openapi-codegen/./generated-output/user-api-spec/dart-network-client/lib/requests/usernames/check_username_command.dart
[main] INFO  o.o.codegen.TemplateManager - writing file /Users/femrek/projects/java/dart-network-openapi-codegen/./generated-output/user-api-spec/dart-network-client/test/usernames/check_username_command_test.dart
[main] INFO  o.o.codegen.TemplateManager - writing file /Users/femrek/projects/java/dart-network-openapi-codegen/./generated-output/user-api-spec/dart-network-client/doc/UsernamesCheckUsernameApi.md
[main] INFO  o.o.codegen.TemplateManager - writing file /Users/femrek/projects/java/dart-network-openapi-codegen/./generated-output/user-api-spec/dart-network-client/lib/requests/users/create_user_command.dart
[main] INFO  o.o.codegen.TemplateManager - writing file /Users/femrek/projects/java/dart-network-openapi-codegen/./generated-output/user-api-spec/dart-network-client/test/users/create_user_command_test.dart
[main] INFO  o.o.codegen.TemplateManager - writing file /Users/femrek/projects/java/dart-network-openapi-codegen/./generated-output/user-api-spec/dart-network-client/doc/UsersCreateUserApi.md
[main] INFO  o.o.codegen.TemplateManager - writing file /Users/femrek/projects/java/dart-network-openapi-codegen/./generated-output/user-api-spec/dart-network-client/lib/requests/users/delete_many_users_command.dart
[main] INFO  o.o.codegen.TemplateManager - writing file /Users/femrek/projects/java/dart-network-openapi-codegen/./generated-output/user-api-spec/dart-network-client/test/users/delete_many_users_command_test.dart
[main] INFO  o.o.codegen.TemplateManager - writing file /Users/femrek/projects/java/dart-network-openapi-codegen/./generated-output/user-api-spec/dart-network-client/doc/UsersDeleteManyUsersApi.md
[main] INFO  o.o.codegen.TemplateManager - writing file /Users/femrek/projects/java/dart-network-openapi-codegen/./generated-output/user-api-spec/dart-network-client/lib/requests/users/delete_user_command.dart
[main] INFO  o.o.codegen.TemplateManager - writing file /Users/femrek/projects/java/dart-network-openapi-codegen/./generated-output/user-api-spec/dart-network-client/test/users/delete_user_command_test.dart
[main] INFO  o.o.codegen.TemplateManager - writing file /Users/femrek/projects/java/dart-network-openapi-codegen/./generated-output/user-api-spec/dart-network-client/doc/UsersDeleteUserApi.md
[main] INFO  o.o.codegen.TemplateManager - writing file /Users/femrek/projects/java/dart-network-openapi-codegen/./generated-output/user-api-spec/dart-network-client/lib/requests/users/get_list_users_command.dart
[main] INFO  o.o.codegen.TemplateManager - writing file /Users/femrek/projects/java/dart-network-openapi-codegen/./generated-output/user-api-spec/dart-network-client/test/users/get_list_users_command_test.dart
[main] INFO  o.o.codegen.TemplateManager - writing file /Users/femrek/projects/java/dart-network-openapi-codegen/./generated-output/user-api-spec/dart-network-client/doc/UsersGetListUsersApi.md
[main] INFO  o.o.codegen.TemplateManager - writing file /Users/femrek/projects/java/dart-network-openapi-codegen/./generated-output/user-api-spec/dart-network-client/lib/requests/users/get_many_users_command.dart
[main] INFO  o.o.codegen.TemplateManager - writing file /Users/femrek/projects/java/dart-network-openapi-codegen/./generated-output/user-api-spec/dart-network-client/test/users/get_many_users_command_test.dart
[main] INFO  o.o.codegen.TemplateManager - writing file /Users/femrek/projects/java/dart-network-openapi-codegen/./generated-output/user-api-spec/dart-network-client/doc/UsersGetManyUsersApi.md
[main] INFO  o.o.codegen.TemplateManager - writing file /Users/femrek/projects/java/dart-network-openapi-codegen/./generated-output/user-api-spec/dart-network-client/lib/requests/users/get_one_user_command.dart
[main] INFO  o.o.codegen.TemplateManager - writing file /Users/femrek/projects/java/dart-network-openapi-codegen/./generated-output/user-api-spec/dart-network-client/test/users/get_one_user_command_test.dart
[main] INFO  o.o.codegen.TemplateManager - writing file /Users/femrek/projects/java/dart-network-openapi-codegen/./generated-output/user-api-spec/dart-network-client/doc/UsersGetOneUserApi.md
[main] INFO  o.o.codegen.TemplateManager - writing file /Users/femrek/projects/java/dart-network-openapi-codegen/./generated-output/user-api-spec/dart-network-client/lib/requests/users/patch_many_users_command.dart
[main] INFO  o.o.codegen.TemplateManager - writing file /Users/femrek/projects/java/dart-network-openapi-codegen/./generated-output/user-api-spec/dart-network-client/test/users/patch_many_users_command_test.dart
[main] INFO  o.o.codegen.TemplateManager - writing file /Users/femrek/projects/java/dart-network-openapi-codegen/./generated-output/user-api-spec/dart-network-client/doc/UsersPatchManyUsersApi.md
[main] INFO  o.o.codegen.TemplateManager - writing file /Users/femrek/projects/java/dart-network-openapi-codegen/./generated-output/user-api-spec/dart-network-client/lib/requests/users/patch_user_command.dart
[main] INFO  o.o.codegen.TemplateManager - writing file /Users/femrek/projects/java/dart-network-openapi-codegen/./generated-output/user-api-spec/dart-network-client/test/users/patch_user_command_test.dart
[main] INFO  o.o.codegen.TemplateManager - writing file /Users/femrek/projects/java/dart-network-openapi-codegen/./generated-output/user-api-spec/dart-network-client/doc/UsersPatchUserApi.md
[main] INFO  o.o.codegen.TemplateManager - writing file /Users/femrek/projects/java/dart-network-openapi-codegen/./generated-output/user-api-spec/dart-network-client/lib/requests/users/update_user_command.dart
[main] INFO  o.o.codegen.TemplateManager - writing file /Users/femrek/projects/java/dart-network-openapi-codegen/./generated-output/user-api-spec/dart-network-client/test/users/update_user_command_test.dart
[main] INFO  o.o.codegen.TemplateManager - writing file /Users/femrek/projects/java/dart-network-openapi-codegen/./generated-output/user-api-spec/dart-network-client/doc/UsersUpdateUserApi.md
[main] INFO  o.o.codegen.TemplateManager - writing file /Users/femrek/projects/java/dart-network-openapi-codegen/./generated-output/user-api-spec/dart-network-client/pubspec.yaml
[main] INFO  o.o.codegen.TemplateManager - writing file /Users/femrek/projects/java/dart-network-openapi-codegen/./generated-output/user-api-spec/dart-network-client/analysis_options.yaml
[main] INFO  o.o.codegen.TemplateManager - writing file /Users/femrek/projects/java/dart-network-openapi-codegen/./generated-output/user-api-spec/dart-network-client/lib/api.dart
[main] INFO  o.o.codegen.TemplateManager - writing file /Users/femrek/projects/java/dart-network-openapi-codegen/./generated-output/user-api-spec/dart-network-client/.gitignore
[main] INFO  o.o.codegen.TemplateManager - writing file /Users/femrek/projects/java/dart-network-openapi-codegen/./generated-output/user-api-spec/dart-network-client/README.md
[main] INFO  o.o.codegen.TemplateManager - writing file /Users/femrek/projects/java/dart-network-openapi-codegen/./generated-output/user-api-spec/dart-network-client/lib/base/base_request.dart
[main] INFO  o.o.codegen.TemplateManager - writing file /Users/femrek/projects/java/dart-network-openapi-codegen/./generated-output/user-api-spec/dart-network-client/lib/base/api_config.dart
[main] INFO  o.o.codegen.TemplateManager - writing file /Users/femrek/projects/java/dart-network-openapi-codegen/./generated-output/user-api-spec/dart-network-client/.openapi-generator-ignore
[main] INFO  o.o.codegen.TemplateManager - writing file /Users/femrek/projects/java/dart-network-openapi-codegen/./generated-output/user-api-spec/dart-network-client/.openapi-generator/VERSION
[main] INFO  o.o.codegen.TemplateManager - writing file /Users/femrek/projects/java/dart-network-openapi-codegen/./generated-output/user-api-spec/dart-network-client/.openapi-generator/FILES
############################################################################################
# Thanks for using OpenAPI Generator.                                                      #
# We appreciate your support! Please consider donation to help us maintain this project.   #
# https://opencollective.com/openapi_generator/donate                                      #
############################################################################################
